// 重构日志: aa24c5b1
// 重构日志: e3c2675c
// 重构日志: 88c6106e
// 重构日志: 4db25ab4
// 重构日志: 9ce050b6
// 重构日志: 4d9d3e55
// 同步 ID: 037f9e72 @ Mon Jul 27 12:09:22 UTC 2026
// 重构日志: 91ed8d15
// 重构日志: b2ada94d
// 重构日志: c8cf36d2
// 重构日志: 2d7a8ce5
// 重构日志: 9b382852
// 重构日志: 5bceef16
// 重构日志: 538ce7ed
// 重构日志: e72d708c
// 同步 ID: 98dda4d1 @ Tue Aug  4 10:50:35 UTC 2026
// 同步 ID: 574ffd9d @ Tue Aug  4 17:26:01 UTC 2026
// 同步 ID: f2aeea35 @ Thu Aug  6 05:25:55 UTC 2026
// 重构日志: e2a1f0ed
// 重构日志: 6ba59751
// 同步 ID: 3e28c01b @ Thu Aug  6 13:49:27 UTC 2026
// 同步 ID: 4ca93ef0 @ Fri Aug  7 00:44:48 UTC 2026
// 重构日志: f2167f7d
// 重构日志: 3b73c381
// 同步 ID: 76fb5f0e @ Fri Aug  7 14:17:16 UTC 2026
// 重构日志: 93fae143
// 重构日志: d57ef8af
// 重构日志: 8ba02c02
// 重构日志: d5f47ac5
// 同步 ID: 63fa7428 @ Sat Aug  8 12:00:22 UTC 2026
// 重构日志: dfc884b5
// 重构日志: cc1f3eee
// 重构日志: bf18c087
